// Jest Snapshot v1, https://goo.gl/fbAQLP

exports[`Pages About renders 1`] = `
<div>
  <div class="about">
    <h1>about.title</h1>
  </div>
</div>
`;
