// Jest Snapshot v1, https://goo.gl/fbAQLP

exports[`Pages Home.vue renders 1`] = `
<div>
  <div class="home"><img alt="CaPE logo" src="../assets/logo.png">
    <h3>home.greeting</h3>
    <p>home.construction_notice</p>
  </div>
</div>
`;
