// Jest Snapshot v1, https://goo.gl/fbAQLP

exports[`Layouts EmptyRouterView renders 1`] = `
<div class="empty-router-view">
  <div name="dialog"> </div>
  <div> </div>
</div>
`;
