// Jest Snapshot v1, https://goo.gl/fbAQLP

exports[`Vuex Modules Tag Getters returns all getters 1`] = `Object {}`;
