// Jest Snapshot v1, https://goo.gl/fbAQLP

exports[`Vuex Modules injectionMapping State has an empty base state 1`] = `
Object {
  "injectionMappings": Array [],
}
`;
