// Jest Snapshot v1, https://goo.gl/fbAQLP

exports[`Components GraphVisualization renders 1`] = `
<div id="graph"><svg>
    <g></g>
  </svg></div>
`;
