// Jest Snapshot v1, https://goo.gl/fbAQLP

exports[`Components Tag renders 1`] = `<eltag-stub type="info" class="tag" style="background-color: rgba(255, 0, 0, 0.1); color: rgb(255, 0, 0);">My Tag</eltag-stub>`;
