// Jest Snapshot v1, https://goo.gl/fbAQLP

exports[`Vuex Common Getters returns all getters 1`] = `
Array [
  "graphEdges",
  "graphEdgesProcessSituation",
  "graphEdgesSituationFactor",
]
`;
