// Jest Snapshot v1, https://goo.gl/fbAQLP

exports[`Vuex Modules contextSituation Getters returns all getters 1`] = `
Array [
  "contextSituationGraphNodes",
]
`;
