// Jest Snapshot v1, https://goo.gl/fbAQLP

exports[`Vuex Modules contextSituation State has an empty base state 1`] = `
Object {
  "activeContextSituation": undefined,
  "contextSituations": Array [],
}
`;
