// Jest Snapshot v1, https://goo.gl/fbAQLP

exports[`Components TagSettings renders 1`] = `
<section class="el-container">
  <aside class="el-aside" style="width: 180px;">
    <div class="el-table el-table---disable-row-hover el-table--fit el-table--scrollable-x el-table--enable-row-hover el-table--enable-row-transition" style="height: 420px;">
      <div class="hidden-columns">
        <div></div>
      </div>
      <div class="el-table__header-wrapper">
        <table cellspacing="0" cellpadding="0" border="0" class="el-table__header" style="width: 80px;">
          <colgroup>
            <col name="el-table_1_column_1" width="80">
          </colgroup>
          <thead class="">
            <tr class="">
              <th colspan="1" rowspan="1" class="el-table_1_column_1     is-leaf" style="border: 0px; padding: 0px;">
                <div class="cell">
                  <div class="el-input el-input--mini">
                    <!----><input type="text" autocomplete="off" placeholder="settings.tag.search" class="el-input__inner">
                    <!---->
                    <!---->
                    <!---->
                  </div>
                </div>
              </th>
            </tr>
          </thead>
        </table>
      </div>
      <div class="el-table__body-wrapper is-scrolling-left">
        <table cellspacing="0" cellpadding="0" border="0" class="el-table__body" style="width: 80px;">
          <colgroup>
            <col name="el-table_1_column_1" width="80">
          </colgroup>
          <tbody>
            <tr class="el-table__row">
              <td rowspan="1" colspan="1" class="el-table_1_column_1  " style="border: 0px; padding-right: 5px; padding-top: 0px; padding-bottom: 5px; float: right;">
                <div class="cell"><span class="tag el-tag el-tag--info" style="background-color: rgba(255, 0, 0, 0.1); color: rgb(255, 0, 0);" name="el-zoom-in-center">My Tag</span></div>
              </td>
            </tr>
            <tr class="el-table__row">
              <td rowspan="1" colspan="1" class="el-table_1_column_1  " style="border: 0px; padding-right: 5px; padding-top: 0px; padding-bottom: 5px; float: right;">
                <div class="cell"><span class="tag el-tag el-tag--info" style="background-color: rgba(255, 0, 255, 0.1); color: rgb(255, 0, 255);" name="el-zoom-in-center">My Second Tag</span></div>
              </td>
            </tr>
            <!---->
          </tbody>
        </table>
        <!---->
        <!---->
      </div>
      <!---->
      <!---->
      <!---->
      <!---->
      <div class="el-table__column-resize-proxy" style="display: none;"></div>
    </div>
    <div role="switch" class="el-switch"><input type="checkbox" name="" true-value="true" class="el-switch__input">
      <!----><span class="el-switch__core" style="width: 40px;"></span><span class="el-switch__label el-switch__label--right"><!----><span aria-hidden="true">settings.tag.deletable</span></span></div>
  </aside>
  <main class="el-main">
    <h3>settings.tag.new</h3> <span class="tag el-tag el-tag--info" style="background-color: rgba(108, 201, 232, 0.1); color: rgb(108, 201, 232);" name="el-zoom-in-center"></span>
    <form class="el-form el-form--label-top">
      <div class="el-form-item is-required"><label for="name" class="el-form-item__label">settings.tag.name</label>
        <div class="el-form-item__content">
          <div class="el-input">
            <!----><input type="text" autocomplete="off" class="el-input__inner">
            <!---->
            <!---->
            <!---->
          </div>
          <!---->
        </div>
      </div>
      <div class="el-form-item is-required"><label for="color" class="el-form-item__label">settings.tag.color</label>
        <div class="el-form-item__content">
          <div class="el-color-picker">
            <!---->
            <div class="el-color-picker__trigger"><span class="el-color-picker__color"><span class="el-color-picker__color-inner" style="background-color: rgb(108, 201, 232);"></span>
              <!----></span><span class="el-color-picker__icon el-icon-arrow-down"></span></div>
            <div class="el-color-dropdown el-color-picker__panel" style="display: none;" name="el-zoom-in-top">
              <div class="el-color-dropdown__main-wrapper">
                <div class="el-color-hue-slider is-vertical" style="float: right;">
                  <div class="el-color-hue-slider__bar"></div>
                  <div class="el-color-hue-slider__thumb" style="left: 0px; top: 0px;"></div>
                </div>
                <div class="el-color-svpanel">
                  <div class="el-color-svpanel__white"></div>
                  <div class="el-color-svpanel__black"></div>
                  <div class="el-color-svpanel__cursor" style="top: 0px; left: 0px;">
                    <div></div>
                  </div>
                </div>
              </div>
              <!---->
              <!---->
              <div class="el-color-dropdown__btns"><span class="el-color-dropdown__value"><div class="el-input el-input--mini"><!----><input type="text" autocomplete="off" class="el-input__inner"><!----><!----><!----></div></span><button type="button" class="el-button el-color-dropdown__link-btn el-button--text el-button--mini">
                  <!---->
                  <!----><span>
        清空
      </span></button><button type="button" class="el-button el-color-dropdown__btn el-button--default el-button--mini is-plain">
                  <!---->
                  <!----><span>
        确定
      </span></button></div>
            </div>
          </div>
          <!---->
        </div>
      </div>
      <div class="el-form-item">
        <!---->
        <div class="el-form-item__content"><button type="button" class="el-button el-button--success">
            <!---->
            <!----><span>settings.tag.submit</span></button> <button type="button" class="el-button el-button--danger is-plain">
            <!---->
            <!----><span>settings.tag.reset</span></button>
          <!---->
        </div>
      </div>
    </form>
  </main>
</section>
`;
