// Jest Snapshot v1, https://goo.gl/fbAQLP

exports[`Vuex Modules Process Getters returns all getters 1`] = `
Object {
  "processGraphNodes": [Function],
  "processesByTags": [Function],
}
`;
