// Jest Snapshot v1, https://goo.gl/fbAQLP

exports[`Vuex Modules Process State has an empty base state 1`] = `
Object {
  "activeProcess": undefined,
  "processes": Array [],
}
`;
