// Jest Snapshot v1, https://goo.gl/fbAQLP

exports[`Plugins BPMN Modules Custom BPMN Factory has the correct modules injected 1`] = `
Array [
  "moddle",
]
`;
